
  .   ____          _            __ _ _
 /\\ / ___'_ __ _ _(_)_ __  __ _ \ \ \ \
( ( )\___ | '_ | '_| | '_ \/ _` | \ \ \ \
 \\/  ___)| |_)| | | | | || (_| |  ) ) ) )
  '  |____| .__|_| |_|_| |_\__, | / / / /
 =========|_|==============|___/=/_/_/_/

 :: Spring Boot ::                (v4.1.0)

2026-07-27T22:35:33.218-03:00  INFO 16928 --- [identity-access-service] [           main] b.c.e.identityaccessservice.Application  : Starting Application v0.1.0-SNAPSHOT using Java 21.0.11 with PID 16928 (C:\Projeto\git\projectc-school-management\identity-access-service\target\identity-access-service-0.1.0-SNAPSHOT.jar started by pjr_d in C:\Projeto\git\projectc-school-management)
2026-07-27T22:35:33.236-03:00  INFO 16928 --- [identity-access-service] [           main] b.c.e.identityaccessservice.Application  : No active profile set, falling back to 1 default profile: "default"
2026-07-27T22:35:38.821-03:00  INFO 16928 --- [identity-access-service] [           main] o.s.boot.tomcat.TomcatWebServer          : Tomcat initialized with port 8091 (http)
2026-07-27T22:35:38.830-03:00  INFO 16928 --- [identity-access-service] [           main] o.apache.catalina.core.StandardService   : Starting service [Tomcat]
2026-07-27T22:35:38.830-03:00  INFO 16928 --- [identity-access-service] [           main] o.apache.catalina.core.StandardEngine    : Starting Servlet engine: [Apache Tomcat/11.0.22]
2026-07-27T22:35:38.913-03:00  INFO 16928 --- [identity-access-service] [           main] b.w.c.s.WebApplicationContextInitializer : Root WebApplicationContext: initialization completed in 5529 ms
2026-07-27T22:35:40.762-03:00  INFO 16928 --- [identity-access-service] [           main] com.zaxxer.hikari.HikariDataSource       : HikariPool-1 - Starting...
2026-07-27T22:35:41.289-03:00  INFO 16928 --- [identity-access-service] [           main] com.zaxxer.hikari.pool.HikariPool        : HikariPool-1 - Added connection org.postgresql.jdbc.PgConnection@2049e582
2026-07-27T22:35:41.292-03:00  INFO 16928 --- [identity-access-service] [           main] com.zaxxer.hikari.HikariDataSource       : HikariPool-1 - Start completed.
2026-07-27T22:35:41.330-03:00  INFO 16928 --- [identity-access-service] [           main] org.flywaydb.core.FlywayExecutor         : Database: jdbc:postgresql://localhost:5433/identity_access (PostgreSQL 17.10)
2026-07-27T22:35:41.851-03:00  INFO 16928 --- [identity-access-service] [           main] o.f.core.internal.command.DbValidate     : Successfully validated 1 migration (execution time 00:00.423s)
2026-07-27T22:35:42.675-03:00  INFO 16928 --- [identity-access-service] [           main] o.f.core.internal.command.DbMigrate      : Current version of schema "public": 1
2026-07-27T22:35:42.768-03:00  INFO 16928 --- [identity-access-service] [           main] o.f.core.internal.command.DbMigrate      : Schema "public" is up to date. No migration necessary.
2026-07-27T22:35:44.491-03:00  INFO 16928 --- [identity-access-service] [           main] o.s.b.a.e.web.EndpointLinksResolver      : Exposing 1 endpoint beneath base path '/actuator'
2026-07-27T22:35:44.608-03:00  INFO 16928 --- [identity-access-service] [           main] o.s.boot.tomcat.TomcatWebServer          : Tomcat started on port 8091 (http) with context path '/'
2026-07-27T22:35:44.629-03:00  INFO 16928 --- [identity-access-service] [           main] b.c.e.identityaccessservice.Application  : Started Application in 13.215 seconds (process running for 14.996)
2026-07-27T22:36:02.589-03:00  INFO 16928 --- [identity-access-service] [nio-8091-exec-1] o.a.c.c.C.[Tomcat].[localhost].[/]       : Initializing Spring DispatcherServlet 'dispatcherServlet'
2026-07-27T22:36:02.590-03:00  INFO 16928 --- [identity-access-service] [nio-8091-exec-1] o.s.web.servlet.DispatcherServlet        : Initializing Servlet 'dispatcherServlet'
2026-07-27T22:36:02.598-03:00  INFO 16928 --- [identity-access-service] [nio-8091-exec-1] o.s.web.servlet.DispatcherServlet        : Completed initialization in 2 ms
