
  .   ____          _            __ _ _
 /\\ / ___'_ __ _ _(_)_ __  __ _ \ \ \ \
( ( )\___ | '_ | '_| | '_ \/ _` | \ \ \ \
 \\/  ___)| |_)| | | | | || (_| |  ) ) ) )
  '  |____| .__|_| |_|_| |_\__, | / / / /
 =========|_|==============|___/=/_/_/_/

 :: Spring Boot ::                (v4.1.0)

2026-07-28T09:49:30.787-03:00  INFO 12228 --- [identity-access-service] [           main] b.c.e.identityaccessservice.Application  : Starting Application v0.1.0-SNAPSHOT using Java 21.0.11 with PID 12228 (C:\Projeto\git\projectc-school-management\identity-access-service\target\identity-access-service-0.1.0-SNAPSHOT.jar started by pjr_d in C:\Projeto\git\projectc-school-management)
2026-07-28T09:49:30.790-03:00  INFO 12228 --- [identity-access-service] [           main] b.c.e.identityaccessservice.Application  : No active profile set, falling back to 1 default profile: "default"
2026-07-28T09:49:33.364-03:00  INFO 12228 --- [identity-access-service] [           main] o.s.boot.tomcat.TomcatWebServer          : Tomcat initialized with port 8091 (http)
2026-07-28T09:49:33.395-03:00  INFO 12228 --- [identity-access-service] [           main] o.apache.catalina.core.StandardService   : Starting service [Tomcat]
2026-07-28T09:49:33.395-03:00  INFO 12228 --- [identity-access-service] [           main] o.apache.catalina.core.StandardEngine    : Starting Servlet engine: [Apache Tomcat/11.0.22]
2026-07-28T09:49:33.443-03:00  INFO 12228 --- [identity-access-service] [           main] b.w.c.s.WebApplicationContextInitializer : Root WebApplicationContext: initialization completed in 2540 ms
2026-07-28T09:49:34.262-03:00  INFO 12228 --- [identity-access-service] [           main] com.zaxxer.hikari.HikariDataSource       : HikariPool-1 - Starting...
2026-07-28T09:49:34.715-03:00  INFO 12228 --- [identity-access-service] [           main] com.zaxxer.hikari.pool.HikariPool        : HikariPool-1 - Added connection org.postgresql.jdbc.PgConnection@2049e582
2026-07-28T09:49:34.715-03:00  INFO 12228 --- [identity-access-service] [           main] com.zaxxer.hikari.HikariDataSource       : HikariPool-1 - Start completed.
2026-07-28T09:49:34.785-03:00  INFO 12228 --- [identity-access-service] [           main] org.flywaydb.core.FlywayExecutor         : Database: jdbc:postgresql://localhost:5433/identity_access (PostgreSQL 17.10)
2026-07-28T09:49:35.100-03:00  INFO 12228 --- [identity-access-service] [           main] o.f.core.internal.command.DbValidate     : Successfully validated 1 migration (execution time 00:00.088s)
2026-07-28T09:49:35.183-03:00  INFO 12228 --- [identity-access-service] [           main] o.f.core.internal.command.DbMigrate      : Current version of schema "public": 1
2026-07-28T09:49:35.193-03:00  INFO 12228 --- [identity-access-service] [           main] o.f.core.internal.command.DbMigrate      : Schema "public" is up to date. No migration necessary.
2026-07-28T09:49:36.259-03:00  INFO 12228 --- [identity-access-service] [           main] o.s.b.a.e.web.EndpointLinksResolver      : Exposing 1 endpoint beneath base path '/actuator'
2026-07-28T09:49:36.359-03:00  INFO 12228 --- [identity-access-service] [           main] o.s.boot.tomcat.TomcatWebServer          : Tomcat started on port 8091 (http) with context path '/'
2026-07-28T09:49:36.380-03:00  INFO 12228 --- [identity-access-service] [           main] b.c.e.identityaccessservice.Application  : Started Application in 6.555 seconds (process running for 7.432)
2026-07-28T09:50:08.917-03:00  INFO 12228 --- [identity-access-service] [nio-8091-exec-1] o.a.c.c.C.[Tomcat].[localhost].[/]       : Initializing Spring DispatcherServlet 'dispatcherServlet'
2026-07-28T09:50:08.917-03:00  INFO 12228 --- [identity-access-service] [nio-8091-exec-1] o.s.web.servlet.DispatcherServlet        : Initializing Servlet 'dispatcherServlet'
2026-07-28T09:50:08.917-03:00  INFO 12228 --- [identity-access-service] [nio-8091-exec-1] o.s.web.servlet.DispatcherServlet        : Completed initialization in 0 ms
