
  .   ____          _            __ _ _
 /\\ / ___'_ __ _ _(_)_ __  __ _ \ \ \ \
( ( )\___ | '_ | '_| | '_ \/ _` | \ \ \ \
 \\/  ___)| |_)| | | | | || (_| |  ) ) ) )
  '  |____| .__|_| |_|_| |_\__, | / / / /
 =========|_|==============|___/=/_/_/_/

 :: Spring Boot ::               (v3.5.14)

2026-07-28T09:46:44.524-03:00  INFO 9256 --- [dashboard-query-service] [           main] b.c.e.dashboardqueryservice.Application  : Starting Application v0.1.0-SNAPSHOT using Java 21.0.11 with PID 9256 (C:\Projeto\git\projectc-school-management\dashboard-query-service\target\dashboard-query-service-0.1.0-SNAPSHOT.jar started by pjr_d in C:\Projeto\git\projectc-school-management)
2026-07-28T09:46:44.535-03:00  INFO 9256 --- [dashboard-query-service] [           main] b.c.e.dashboardqueryservice.Application  : No active profile set, falling back to 1 default profile: "default"
2026-07-28T09:46:53.562-03:00  INFO 9256 --- [dashboard-query-service] [           main] .s.d.r.c.RepositoryConfigurationDelegate : Bootstrapping Spring Data JPA repositories in DEFAULT mode.
2026-07-28T09:46:54.146-03:00  INFO 9256 --- [dashboard-query-service] [           main] .s.d.r.c.RepositoryConfigurationDelegate : Finished Spring Data repository scanning in 417 ms. Found 6 JPA repository interfaces.
2026-07-28T09:46:59.284-03:00  INFO 9256 --- [dashboard-query-service] [           main] o.s.b.w.embedded.tomcat.TomcatWebServer  : Tomcat initialized with port 8097 (http)
2026-07-28T09:46:59.332-03:00  INFO 9256 --- [dashboard-query-service] [           main] o.apache.catalina.core.StandardService   : Starting service [Tomcat]
2026-07-28T09:46:59.356-03:00  INFO 9256 --- [dashboard-query-service] [           main] o.apache.catalina.core.StandardEngine    : Starting Servlet engine: [Apache Tomcat/10.1.54]
2026-07-28T09:46:59.710-03:00  INFO 9256 --- [dashboard-query-service] [           main] o.a.c.c.C.[Tomcat].[localhost].[/]       : Initializing Spring embedded WebApplicationContext
2026-07-28T09:46:59.714-03:00  INFO 9256 --- [dashboard-query-service] [           main] w.s.c.ServletWebServerApplicationContext : Root WebApplicationContext: initialization completed in 14759 ms
2026-07-28T09:47:06.457-03:00  INFO 9256 --- [dashboard-query-service] [           main] o.hibernate.jpa.internal.util.LogHelper  : HHH000204: Processing PersistenceUnitInfo [name: default]
2026-07-28T09:47:06.779-03:00  INFO 9256 --- [dashboard-query-service] [           main] org.hibernate.Version                    : HHH000412: Hibernate ORM core version 6.6.49.Final
2026-07-28T09:47:06.911-03:00  INFO 9256 --- [dashboard-query-service] [           main] o.h.c.internal.RegionFactoryInitiator    : HHH000026: Second-level cache disabled
2026-07-28T09:47:08.237-03:00  INFO 9256 --- [dashboard-query-service] [           main] o.s.o.j.p.SpringPersistenceUnitInfo      : No LoadTimeWeaver setup: ignoring JPA class transformer
2026-07-28T09:47:08.313-03:00  INFO 9256 --- [dashboard-query-service] [           main] com.zaxxer.hikari.HikariDataSource       : HikariPool-1 - Starting...
2026-07-28T09:47:09.122-03:00  INFO 9256 --- [dashboard-query-service] [           main] com.zaxxer.hikari.pool.HikariPool        : HikariPool-1 - Added connection org.postgresql.jdbc.PgConnection@31433df9
2026-07-28T09:47:09.133-03:00  INFO 9256 --- [dashboard-query-service] [           main] com.zaxxer.hikari.HikariDataSource       : HikariPool-1 - Start completed.
2026-07-28T09:47:09.923-03:00  INFO 9256 --- [dashboard-query-service] [           main] org.hibernate.orm.connections.pooling    : HHH10001005: Database info:
	Database JDBC URL [Connecting through datasource 'HikariDataSource (HikariPool-1)']
	Database driver: undefined/unknown
	Database version: 17.10
	Autocommit mode: undefined/unknown
	Isolation level: undefined/unknown
	Minimum pool size: undefined/unknown
	Maximum pool size: undefined/unknown
2026-07-28T09:47:13.317-03:00  INFO 9256 --- [dashboard-query-service] [           main] o.h.e.t.j.p.i.JtaPlatformInitiator       : HHH000489: No JTA platform available (set 'hibernate.transaction.jta.platform' to enable JTA platform integration)
2026-07-28T09:47:13.925-03:00  INFO 9256 --- [dashboard-query-service] [           main] j.LocalContainerEntityManagerFactoryBean : Initialized JPA EntityManagerFactory for persistence unit 'default'
2026-07-28T09:47:19.203-03:00  INFO 9256 --- [dashboard-query-service] [           main] o.s.b.a.e.web.EndpointLinksResolver      : Exposing 1 endpoint beneath base path '/actuator'
2026-07-28T09:47:19.523-03:00  INFO 9256 --- [dashboard-query-service] [           main] o.s.b.w.embedded.tomcat.TomcatWebServer  : Tomcat started on port 8097 (http) with context path '/'
2026-07-28T09:47:19.801-03:00  INFO 9256 --- [dashboard-query-service] [           main] b.c.e.dashboardqueryservice.Application  : Started Application in 38.3 seconds (process running for 41.643)
2026-07-28T09:50:10.418-03:00  INFO 9256 --- [dashboard-query-service] [nio-8097-exec-1] o.a.c.c.C.[Tomcat].[localhost].[/]       : Initializing Spring DispatcherServlet 'dispatcherServlet'
2026-07-28T09:50:10.418-03:00  INFO 9256 --- [dashboard-query-service] [nio-8097-exec-1] o.s.web.servlet.DispatcherServlet        : Initializing Servlet 'dispatcherServlet'
2026-07-28T09:50:10.419-03:00  INFO 9256 --- [dashboard-query-service] [nio-8097-exec-1] o.s.web.servlet.DispatcherServlet        : Completed initialization in 1 ms
