
> mfe-aulas-avaliacoes@0.0.0 start
> ng serve

 INFO  [Federation SSE] Local reloader initialized with endpoint /@angular-architects/native-federation:build-notifications
 INFO  Building federation artefacts
 INFO  Preparing shared npm packages for the platform browser-shared
 NOTE  This only needs to be done once, as results are cached
 NOTE  Skip packages you don't want to share in your federation config
[33m>[39m Building...
[32m√[39m Building...
[1mInitial chunk files[22m[2m | [22m[1mNames[22m                      [2m | [22m [1mRaw size[22m
[32mstyles.css[39m         [2m | [22m[2mstyles[22m                     [2m | [22m[36m111.70 kB[39m[2m | [22m
[32mmain.js[39m            [2m | [22m[2mmain[22m                       [2m | [22m[36m251 bytes[39m[2m | [22m
[32mpolyfills.js[39m       [2m | [22m[2mpolyfills[22m                  [2m | [22m[36m103 bytes[39m[2m | [22m

[1m [22m                  [2m | [22m[1mInitial total[22m              [2m | [22m[1m112.05 kB[22m

[1mLazy chunk files[22m   [2m | [22m[1mNames[22m                      [2m | [22m [1mRaw size[22m
[32mchunk-XH5YCR4P.js[39m  [2m | [22m[2mdiario-classe-component[22m    [2m | [22m[36m114.49 kB[39m[2m | [22m
[32mchunk-YU7CPU2V.js[39m  [2m | [22m[2massessments-list-component[22m [2m | [22m [36m46.47 kB[39m[2m | [22m
[32mchunk-4QWGAW7T.js[39m  [2m | [22m[2mlessons-list-component[22m     [2m | [22m [36m41.93 kB[39m[2m | [22m
[32mchunk-YM4LWFO6.js[39m  [2m | [22m[2mlesson-detail-component[22m    [2m | [22m [36m40.42 kB[39m[2m | [22m
[32mchunk-XQB3NNMF.js[39m  [2m | [22m[2massessment-detail-component[22m[2m | [22m [36m32.24 kB[39m[2m | [22m
[32mchunk-MGZZGN2F.js[39m  [2m | [22m[2m-[22m                          [2m | [22m  [36m7.83 kB[39m[2m | [22m
[32mchunk-HGODVZ6O.js[39m  [2m | [22m[2mbootstrap[22m                  [2m | [22m  [36m5.77 kB[39m[2m | [22m
[32mchunk-GM463DDK.js[39m  [2m | [22m[2m-[22m                          [2m | [22m  [36m4.16 kB[39m[2m | [22m
[32mchunk-PFWPRWEI.js[39m  [2m | [22m[2m-[22m                          [2m | [22m  [36m2.71 kB[39m[2m | [22m
[32mchunk-RQHDTIE6.js[39m  [2m | [22m[2m-[22m                          [2m | [22m  [36m2.54 kB[39m[2m | [22m
[32mchunk-K4CHYRDA.js[39m  [2m | [22m[2m-[22m                          [2m | [22m  [36m2.42 kB[39m[2m | [22m
[32mchunk-S2DRD3A3.js[39m  [2m | [22m[2m-[22m                          [2m | [22m[36m643 bytes[39m[2m | [22m

Application bundle generation complete. [10.818 seconds] - 2026-07-28T12:48:52.946Z

Watch mode enabled. Watching for file changes...
NOTE: Raw file sizes do not reflect development server per-request transformations.
  [32m➜[39m  [1mLocal[22m:   [36mhttp://localhost:[1m4207[22m/[39m
[2m[32m  ➜[39m[22m[2m  press [22m[1mh + enter[22m[2m to show help[22m
 INFO  [Federation SSE] Client connected. Active connections: 1
 INFO  [Federation SSE] Client disconnected. Active connections: 0
[33m>[39m Changes detected. Rebuilding...
[32m√[39m Changes detected. Rebuilding...
[1mInitial chunk files[22m[2m | [22m[1mNames[22m [2m | [22m [1mRaw size[22m
[32mstyles.css[39m         [2m | [22m[2mstyles[22m[2m | [22m[36m111.83 kB[39m[2m | [22m

Application bundle generation complete. [0.066 seconds] - 2026-07-28T13:24:03.293Z

Page reload sent to client(s).
 INFO  Building federation artefacts
 INFO  Done!
[33m>[39m Changes detected. Rebuilding...
[32m√[39m Changes detected. Rebuilding...
[1mInitial chunk files[22m[2m | [22m[1mNames[22m                  [2m | [22m [1mRaw size[22m
[32mmain.js[39m            [2m | [22m[2mmain[22m                   [2m | [22m[36m251 bytes[39m[2m | [22m

[1mLazy chunk files[22m   [2m | [22m[1mNames[22m                  [2m | [22m [1mRaw size[22m
[32mchunk-6TGNFVEF.js[39m  [2m | [22m[2mdiario-classe-component[22m[2m | [22m[36m114.83 kB[39m[2m | [22m
[32mchunk-JAAP3W6E.js[39m  [2m | [22m[2mbootstrap[22m              [2m | [22m  [36m5.77 kB[39m[2m | [22m

Application bundle generation complete. [3.927 seconds] - 2026-07-28T13:25:24.983Z

Page reload sent to client(s).
 INFO  Building federation artefacts
 INFO  Done!
[33m>[39m Changes detected. Rebuilding...
[32m√[39m Changes detected. Rebuilding...
[1mInitial chunk files[22m[2m | [22m[1mNames[22m                  [2m | [22m [1mRaw size[22m
[32mmain.js[39m            [2m | [22m[2mmain[22m                   [2m | [22m[36m251 bytes[39m[2m | [22m

[1mLazy chunk files[22m   [2m | [22m[1mNames[22m                  [2m | [22m [1mRaw size[22m
[32mchunk-BZZBXPD5.js[39m  [2m | [22m[2mdiario-classe-component[22m[2m | [22m[36m115.09 kB[39m[2m | [22m
[32mchunk-RREA2FYP.js[39m  [2m | [22m[2mbootstrap[22m              [2m | [22m  [36m5.77 kB[39m[2m | [22m

Application bundle generation complete. [2.275 seconds] - 2026-07-28T13:35:24.787Z

Page reload sent to client(s).
 INFO  Building federation artefacts
 INFO  Done!
[33m>[39m Changes detected. Rebuilding...
[32m√[39m Changes detected. Rebuilding...
[1mInitial chunk files[22m[2m | [22m[1mNames[22m                  [2m | [22m [1mRaw size[22m
[32mmain.js[39m            [2m | [22m[2mmain[22m                   [2m | [22m[36m251 bytes[39m[2m | [22m

[1mLazy chunk files[22m   [2m | [22m[1mNames[22m                  [2m | [22m [1mRaw size[22m
[32mchunk-CQKFUML5.js[39m  [2m | [22m[2mdiario-classe-component[22m[2m | [22m[36m115.23 kB[39m[2m | [22m
[32mchunk-HAQ4DWDX.js[39m  [2m | [22m[2mbootstrap[22m              [2m | [22m  [36m5.77 kB[39m[2m | [22m

Application bundle generation complete. [0.939 seconds] - 2026-07-28T13:37:23.019Z

Page reload sent to client(s).
 INFO  Building federation artefacts
 INFO  Done!
 INFO  [Federation SSE] Client connected. Active connections: 1
[33m>[39m Changes detected. Rebuilding...
[32m√[39m Changes detected. Rebuilding...
[1mInitial chunk files[22m[2m | [22m[1mNames[22m                  [2m | [22m [1mRaw size[22m
[32mmain.js[39m            [2m | [22m[2mmain[22m                   [2m | [22m[36m251 bytes[39m[2m | [22m

[1mLazy chunk files[22m   [2m | [22m[1mNames[22m                  [2m | [22m [1mRaw size[22m
[32mchunk-PWKU5OTU.js[39m  [2m | [22m[2mdiario-classe-component[22m[2m | [22m[36m120.08 kB[39m[2m | [22m
[32mchunk-V2LIHEGA.js[39m  [2m | [22m[2mbootstrap[22m              [2m | [22m  [36m5.77 kB[39m[2m | [22m

Application bundle generation complete. [1.277 seconds] - 2026-07-28T13:44:39.362Z

Page reload sent to client(s).
 INFO  Building federation artefacts
 INFO  Done!
 INFO  [Federation SSE] Event 'federation-rebuild-complete' broadcast to 1 clients
 INFO  [Federation SSE] Client disconnected. Active connections: 0
 INFO  [Federation SSE] Client connected. Active connections: 1
 INFO  [Federation SSE] Client disconnected. Active connections: 0
