
  .   ____          _            __ _ _
 /\\ / ___'_ __ _ _(_)_ __  __ _ \ \ \ \
( ( )\___ | '_ | '_| | '_ \/ _` | \ \ \ \
 \\/  ___)| |_)| | | | | || (_| |  ) ) ) )
  '  |____| .__|_| |_|_| |_\__, | / / / /
 =========|_|==============|___/=/_/_/_/

 :: Spring Boot ::                (v4.1.0)

2026-07-28T09:46:44.103-03:00  INFO 14368 --- [pedagogical-service] [           main] b.c.e.pedagogicalservice.Application     : Starting Application v0.1.0-SNAPSHOT using Java 21.0.11 with PID 14368 (C:\Projeto\git\projectc-school-management\pedagogical-service\target\pedagogical-service-0.1.0-SNAPSHOT.jar started by pjr_d in C:\Projeto\git\projectc-school-management)
2026-07-28T09:46:44.116-03:00  INFO 14368 --- [pedagogical-service] [           main] b.c.e.pedagogicalservice.Application     : No active profile set, falling back to 1 default profile: "default"
2026-07-28T09:46:52.499-03:00  INFO 14368 --- [pedagogical-service] [           main] .s.d.r.c.RepositoryConfigurationDelegate : Bootstrapping Spring Data JPA repositories in DEFAULT mode.
2026-07-28T09:46:52.862-03:00  INFO 14368 --- [pedagogical-service] [           main] .s.d.r.c.RepositoryConfigurationDelegate : Finished Spring Data repository scanning in 324 ms. Found 8 JPA repository interfaces.
2026-07-28T09:46:58.277-03:00  INFO 14368 --- [pedagogical-service] [           main] o.s.boot.tomcat.TomcatWebServer          : Tomcat initialized with port 8095 (http)
2026-07-28T09:46:58.326-03:00  INFO 14368 --- [pedagogical-service] [           main] o.apache.catalina.core.StandardService   : Starting service [Tomcat]
2026-07-28T09:46:58.326-03:00  INFO 14368 --- [pedagogical-service] [           main] o.apache.catalina.core.StandardEngine    : Starting Servlet engine: [Apache Tomcat/11.0.22]
2026-07-28T09:46:58.937-03:00  INFO 14368 --- [pedagogical-service] [           main] b.w.c.s.WebApplicationContextInitializer : Root WebApplicationContext: initialization completed in 14202 ms
2026-07-28T09:47:04.952-03:00  INFO 14368 --- [pedagogical-service] [           main] org.hibernate.orm.jpa                    : HHH008540: Processing PersistenceUnitInfo [name: default]
2026-07-28T09:47:05.903-03:00  INFO 14368 --- [pedagogical-service] [           main] org.hibernate.orm.core                   : HHH000001: Hibernate ORM core version 7.4.1.Final
2026-07-28T09:47:08.188-03:00  INFO 14368 --- [pedagogical-service] [           main] o.s.o.j.p.SpringPersistenceUnitInfo      : No LoadTimeWeaver setup: ignoring JPA class transformer
2026-07-28T09:47:08.300-03:00  INFO 14368 --- [pedagogical-service] [           main] com.zaxxer.hikari.HikariDataSource       : HikariPool-1 - Starting...
2026-07-28T09:47:09.143-03:00  INFO 14368 --- [pedagogical-service] [           main] com.zaxxer.hikari.pool.HikariPool        : HikariPool-1 - Added connection org.postgresql.jdbc.PgConnection@54caeadc
2026-07-28T09:47:09.148-03:00  INFO 14368 --- [pedagogical-service] [           main] com.zaxxer.hikari.HikariDataSource       : HikariPool-1 - Start completed.
2026-07-28T09:47:10.019-03:00  INFO 14368 --- [pedagogical-service] [           main] org.hibernate.orm.connections.pooling    : HHH10001005: Database info:
	Database JDBC URL [jdbc:postgresql://localhost:5433/pedagogical_demo]
	Database driver: PostgreSQL JDBC Driver
	Database dialect: PostgreSQLDialect
	Database version: 17.10
	Default catalog/schema: pedagogical_demo/public
	Autocommit mode: undefined/unknown
	Isolation level: READ_COMMITTED [default READ_COMMITTED]
	JDBC fetch size: none
	Pool: DataSourceConnectionProvider
	Minimum pool size: undefined/unknown
	Maximum pool size: undefined/unknown
2026-07-28T09:47:13.445-03:00  INFO 14368 --- [pedagogical-service] [           main] org.hibernate.orm.core                   : HHH000489: No JTA platform available (set 'hibernate.transaction.jta.platform' to enable JTA platform integration)
2026-07-28T09:47:14.330-03:00  INFO 14368 --- [pedagogical-service] [           main] j.LocalContainerEntityManagerFactoryBean : Initialized JPA EntityManagerFactory for persistence unit 'default'
2026-07-28T09:47:14.766-03:00  INFO 14368 --- [pedagogical-service] [           main] o.s.d.j.r.query.QueryEnhancerFactories   : Hibernate is in classpath; If applicable, HQL parser will be used.
2026-07-28T09:47:18.936-03:00  INFO 14368 --- [pedagogical-service] [           main] o.s.b.a.e.web.EndpointLinksResolver      : Exposing 2 endpoints beneath base path '/actuator'
2026-07-28T09:47:19.355-03:00  INFO 14368 --- [pedagogical-service] [           main] o.s.boot.tomcat.TomcatWebServer          : Tomcat started on port 8095 (http) with context path '/'
2026-07-28T09:47:19.452-03:00  INFO 14368 --- [pedagogical-service] [           main] b.c.e.pedagogicalservice.Application     : Started Application in 37.966 seconds (process running for 41.319)
2026-07-28T09:50:09.593-03:00  INFO 14368 --- [pedagogical-service] [nio-8095-exec-1] o.a.c.c.C.[Tomcat].[localhost].[/]       : Initializing Spring DispatcherServlet 'dispatcherServlet'
2026-07-28T09:50:09.594-03:00  INFO 14368 --- [pedagogical-service] [nio-8095-exec-1] o.s.web.servlet.DispatcherServlet        : Initializing Servlet 'dispatcherServlet'
2026-07-28T09:50:09.597-03:00  INFO 14368 --- [pedagogical-service] [nio-8095-exec-1] o.s.web.servlet.DispatcherServlet        : Completed initialization in 2 ms
