
  .   ____          _            __ _ _
 /\\ / ___'_ __ _ _(_)_ __  __ _ \ \ \ \
( ( )\___ | '_ | '_| | '_ \/ _` | \ \ \ \
 \\/  ___)| |_)| | | | | || (_| |  ) ) ) )
  '  |____| .__|_| |_|_| |_\__, | / / / /
 =========|_|==============|___/=/_/_/_/

 :: Spring Boot ::               (v3.5.14)

2026-07-28T09:46:45.615-03:00  INFO 4984 --- [academic-catalog-service] [           main] [                                                 ] br.com.escola.catalog.Application        : Starting Application v0.1.0-SNAPSHOT using Java 21.0.11 with PID 4984 (C:\Projeto\git\projectc-school-management\academic-catalog-service\target\academic-catalog-service-0.1.0-SNAPSHOT.jar started by pjr_d in C:\Projeto\git\projectc-school-management)
2026-07-28T09:46:45.828-03:00  INFO 4984 --- [academic-catalog-service] [           main] [                                                 ] br.com.escola.catalog.Application        : No active profile set, falling back to 1 default profile: "default"
2026-07-28T09:46:56.133-03:00  INFO 4984 --- [academic-catalog-service] [           main] [                                                 ] .s.d.r.c.RepositoryConfigurationDelegate : Multiple Spring Data modules found, entering strict repository configuration mode
2026-07-28T09:46:56.305-03:00  INFO 4984 --- [academic-catalog-service] [           main] [                                                 ] .s.d.r.c.RepositoryConfigurationDelegate : Bootstrapping Spring Data JPA repositories in DEFAULT mode.
2026-07-28T09:46:57.843-03:00  INFO 4984 --- [academic-catalog-service] [           main] [                                                 ] .s.d.r.c.RepositoryConfigurationDelegate : Finished Spring Data repository scanning in 1509 ms. Found 9 JPA repository interfaces.
2026-07-28T09:46:57.915-03:00  INFO 4984 --- [academic-catalog-service] [           main] [                                                 ] .s.d.r.c.RepositoryConfigurationDelegate : Multiple Spring Data modules found, entering strict repository configuration mode
2026-07-28T09:46:57.918-03:00  INFO 4984 --- [academic-catalog-service] [           main] [                                                 ] .s.d.r.c.RepositoryConfigurationDelegate : Bootstrapping Spring Data Redis repositories in DEFAULT mode.
2026-07-28T09:46:57.966-03:00  INFO 4984 --- [academic-catalog-service] [           main] [                                                 ] .RepositoryConfigurationExtensionSupport : Spring Data Redis - Could not safely identify store assignment for repository candidate interface br.com.escola.catalog.infra.database.repository.CommandIdempotencyJpaRepository; If you want this repository to be a Redis repository, consider annotating your entities with one of these annotations: org.springframework.data.redis.core.RedisHash (preferred), or consider extending one of the following types with your repository: org.springframework.data.keyvalue.repository.KeyValueRepository
2026-07-28T09:46:57.967-03:00  INFO 4984 --- [academic-catalog-service] [           main] [                                                 ] .RepositoryConfigurationExtensionSupport : Spring Data Redis - Could not safely identify store assignment for repository candidate interface br.com.escola.catalog.infra.database.repository.DisciplinaJpaRepository; If you want this repository to be a Redis repository, consider annotating your entities with one of these annotations: org.springframework.data.redis.core.RedisHash (preferred), or consider extending one of the following types with your repository: org.springframework.data.keyvalue.repository.KeyValueRepository
2026-07-28T09:46:57.968-03:00  INFO 4984 --- [academic-catalog-service] [           main] [                                                 ] .RepositoryConfigurationExtensionSupport : Spring Data Redis - Could not safely identify store assignment for repository candidate interface br.com.escola.catalog.infra.database.repository.NivelEnsinoJpaRepository; If you want this repository to be a Redis repository, consider annotating your entities with one of these annotations: org.springframework.data.redis.core.RedisHash (preferred), or consider extending one of the following types with your repository: org.springframework.data.keyvalue.repository.KeyValueRepository
2026-07-28T09:46:57.969-03:00  INFO 4984 --- [academic-catalog-service] [           main] [                                                 ] .RepositoryConfigurationExtensionSupport : Spring Data Redis - Could not safely identify store assignment for repository candidate interface br.com.escola.catalog.infra.database.repository.OutboxEventJpaRepository; If you want this repository to be a Redis repository, consider annotating your entities with one of these annotations: org.springframework.data.redis.core.RedisHash (preferred), or consider extending one of the following types with your repository: org.springframework.data.keyvalue.repository.KeyValueRepository
2026-07-28T09:46:57.970-03:00  INFO 4984 --- [academic-catalog-service] [           main] [                                                 ] .RepositoryConfigurationExtensionSupport : Spring Data Redis - Could not safely identify store assignment for repository candidate interface br.com.escola.catalog.infra.database.repository.PeriodoLetivoJpaRepository; If you want this repository to be a Redis repository, consider annotating your entities with one of these annotations: org.springframework.data.redis.core.RedisHash (preferred), or consider extending one of the following types with your repository: org.springframework.data.keyvalue.repository.KeyValueRepository
2026-07-28T09:46:57.970-03:00  INFO 4984 --- [academic-catalog-service] [           main] [                                                 ] .RepositoryConfigurationExtensionSupport : Spring Data Redis - Could not safely identify store assignment for repository candidate interface br.com.escola.catalog.infra.database.repository.SerieJpaRepository; If you want this repository to be a Redis repository, consider annotating your entities with one of these annotations: org.springframework.data.redis.core.RedisHash (preferred), or consider extending one of the following types with your repository: org.springframework.data.keyvalue.repository.KeyValueRepository
2026-07-28T09:46:57.972-03:00  INFO 4984 --- [academic-catalog-service] [           main] [                                                 ] .RepositoryConfigurationExtensionSupport : Spring Data Redis - Could not safely identify store assignment for repository candidate interface br.com.escola.catalog.infra.database.repository.TurmaDisciplinaJpaRepository; If you want this repository to be a Redis repository, consider annotating your entities with one of these annotations: org.springframework.data.redis.core.RedisHash (preferred), or consider extending one of the following types with your repository: org.springframework.data.keyvalue.repository.KeyValueRepository
2026-07-28T09:46:57.972-03:00  INFO 4984 --- [academic-catalog-service] [           main] [                                                 ] .RepositoryConfigurationExtensionSupport : Spring Data Redis - Could not safely identify store assignment for repository candidate interface br.com.escola.catalog.infra.database.repository.TurmaJpaRepository; If you want this repository to be a Redis repository, consider annotating your entities with one of these annotations: org.springframework.data.redis.core.RedisHash (preferred), or consider extending one of the following types with your repository: org.springframework.data.keyvalue.repository.KeyValueRepository
2026-07-28T09:46:57.973-03:00  INFO 4984 --- [academic-catalog-service] [           main] [                                                 ] .RepositoryConfigurationExtensionSupport : Spring Data Redis - Could not safely identify store assignment for repository candidate interface br.com.escola.catalog.infra.database.repository.TurnoJpaRepository; If you want this repository to be a Redis repository, consider annotating your entities with one of these annotations: org.springframework.data.redis.core.RedisHash (preferred), or consider extending one of the following types with your repository: org.springframework.data.keyvalue.repository.KeyValueRepository
2026-07-28T09:46:57.974-03:00  INFO 4984 --- [academic-catalog-service] [           main] [                                                 ] .s.d.r.c.RepositoryConfigurationDelegate : Finished Spring Data repository scanning in 24 ms. Found 0 Redis repository interfaces.
2026-07-28T09:47:02.627-03:00  INFO 4984 --- [academic-catalog-service] [           main] [                                                 ] o.s.b.w.embedded.tomcat.TomcatWebServer  : Tomcat initialized with port 8082 (http)
2026-07-28T09:47:02.654-03:00  INFO 4984 --- [academic-catalog-service] [           main] [                                                 ] o.apache.catalina.core.StandardService   : Starting service [Tomcat]
2026-07-28T09:47:02.654-03:00  INFO 4984 --- [academic-catalog-service] [           main] [                                                 ] o.apache.catalina.core.StandardEngine    : Starting Servlet engine: [Apache Tomcat/10.1.54]
2026-07-28T09:47:02.723-03:00  INFO 4984 --- [academic-catalog-service] [           main] [                                                 ] o.a.c.c.C.[Tomcat].[localhost].[/]       : Initializing Spring embedded WebApplicationContext
2026-07-28T09:47:02.725-03:00  INFO 4984 --- [academic-catalog-service] [           main] [                                                 ] w.s.c.ServletWebServerApplicationContext : Root WebApplicationContext: initialization completed in 16303 ms
2026-07-28T09:47:05.025-03:00  INFO 4984 --- [academic-catalog-service] [           main] [                                                 ] com.zaxxer.hikari.HikariDataSource       : HikariPool-1 - Starting...
2026-07-28T09:47:06.032-03:00  INFO 4984 --- [academic-catalog-service] [           main] [                                                 ] com.zaxxer.hikari.pool.HikariPool        : HikariPool-1 - Added connection org.postgresql.jdbc.PgConnection@53d87b2d
2026-07-28T09:47:06.035-03:00  INFO 4984 --- [academic-catalog-service] [           main] [                                                 ] com.zaxxer.hikari.HikariDataSource       : HikariPool-1 - Start completed.
2026-07-28T09:47:06.331-03:00  INFO 4984 --- [academic-catalog-service] [           main] [                                                 ] org.flywaydb.core.FlywayExecutor         : Database: jdbc:postgresql://localhost:5433/academic_catalog (PostgreSQL 17.10)
2026-07-28T09:47:08.456-03:00  INFO 4984 --- [academic-catalog-service] [           main] [                                                 ] o.f.core.internal.command.DbValidate     : Successfully validated 4 migrations (execution time 00:00.199s)
2026-07-28T09:47:08.855-03:00  INFO 4984 --- [academic-catalog-service] [           main] [                                                 ] o.f.core.internal.command.DbMigrate      : Current version of schema "public": 4
2026-07-28T09:47:08.908-03:00  INFO 4984 --- [academic-catalog-service] [           main] [                                                 ] o.f.core.internal.command.DbMigrate      : Schema "public" is up to date. No migration necessary.
2026-07-28T09:47:09.422-03:00  INFO 4984 --- [academic-catalog-service] [           main] [                                                 ] o.hibernate.jpa.internal.util.LogHelper  : HHH000204: Processing PersistenceUnitInfo [name: default]
2026-07-28T09:47:09.672-03:00  INFO 4984 --- [academic-catalog-service] [           main] [                                                 ] org.hibernate.Version                    : HHH000412: Hibernate ORM core version 6.6.49.Final
2026-07-28T09:47:09.831-03:00  INFO 4984 --- [academic-catalog-service] [           main] [                                                 ] o.h.c.internal.RegionFactoryInitiator    : HHH000026: Second-level cache disabled
2026-07-28T09:47:11.032-03:00  INFO 4984 --- [academic-catalog-service] [           main] [                                                 ] o.s.o.j.p.SpringPersistenceUnitInfo      : No LoadTimeWeaver setup: ignoring JPA class transformer
2026-07-28T09:47:11.875-03:00  INFO 4984 --- [academic-catalog-service] [           main] [                                                 ] org.hibernate.orm.connections.pooling    : HHH10001005: Database info:
	Database JDBC URL [Connecting through datasource 'HikariDataSource (HikariPool-1)']
	Database driver: undefined/unknown
	Database version: 17.10
	Autocommit mode: undefined/unknown
	Isolation level: undefined/unknown
	Minimum pool size: undefined/unknown
	Maximum pool size: undefined/unknown
2026-07-28T09:47:14.808-03:00  INFO 4984 --- [academic-catalog-service] [           main] [                                                 ] o.h.e.t.j.p.i.JtaPlatformInitiator       : HHH000489: No JTA platform available (set 'hibernate.transaction.jta.platform' to enable JTA platform integration)
2026-07-28T09:47:16.137-03:00  INFO 4984 --- [academic-catalog-service] [           main] [                                                 ] j.LocalContainerEntityManagerFactoryBean : Initialized JPA EntityManagerFactory for persistence unit 'default'
2026-07-28T09:47:23.919-03:00  INFO 4984 --- [academic-catalog-service] [           main] [                                                 ] o.s.b.a.e.web.EndpointLinksResolver      : Exposing 3 endpoints beneath base path '/actuator'
2026-07-28T09:47:24.142-03:00  INFO 4984 --- [academic-catalog-service] [           main] [                                                 ] o.s.b.w.embedded.tomcat.TomcatWebServer  : Tomcat started on port 8082 (http) with context path '/'
2026-07-28T09:47:24.165-03:00  INFO 4984 --- [academic-catalog-service] [           main] [                                                 ] br.com.escola.catalog.Application        : Started Application in 42.404 seconds (process running for 46.061)
