
  .   ____          _            __ _ _
 /\\ / ___'_ __ _ _(_)_ __  __ _ \ \ \ \
( ( )\___ | '_ | '_| | '_ \/ _` | \ \ \ \
 \\/  ___)| |_)| | | | | || (_| |  ) ) ) )
  '  |____| .__|_| |_|_| |_\__, | / / / /
 =========|_|==============|___/=/_/_/_/

 :: Spring Boot ::                (v4.1.0)

2026-07-27T22:35:32.967-03:00  INFO 16612 --- [institutional-tenant-service] [           main] b.c.e.i.Application                      : Starting Application v0.1.0-SNAPSHOT using Java 21.0.11 with PID 16612 (C:\Projeto\git\projectc-school-management\institutional-tenant-service\target\institutional-tenant-service-0.1.0-SNAPSHOT.jar started by pjr_d in C:\Projeto\git\projectc-school-management)
2026-07-27T22:35:32.973-03:00  INFO 16612 --- [institutional-tenant-service] [           main] b.c.e.i.Application                      : No active profile set, falling back to 1 default profile: "default"
2026-07-27T22:35:38.070-03:00  INFO 16612 --- [institutional-tenant-service] [           main] o.s.boot.tomcat.TomcatWebServer          : Tomcat initialized with port 8092 (http)
2026-07-27T22:35:38.106-03:00  INFO 16612 --- [institutional-tenant-service] [           main] o.apache.catalina.core.StandardService   : Starting service [Tomcat]
2026-07-27T22:35:38.106-03:00  INFO 16612 --- [institutional-tenant-service] [           main] o.apache.catalina.core.StandardEngine    : Starting Servlet engine: [Apache Tomcat/11.0.22]
2026-07-27T22:35:38.197-03:00  INFO 16612 --- [institutional-tenant-service] [           main] b.w.c.s.WebApplicationContextInitializer : Root WebApplicationContext: initialization completed in 5022 ms
2026-07-27T22:35:40.363-03:00  INFO 16612 --- [institutional-tenant-service] [           main] com.zaxxer.hikari.HikariDataSource       : HikariPool-1 - Starting...
2026-07-27T22:35:40.762-03:00  INFO 16612 --- [institutional-tenant-service] [           main] com.zaxxer.hikari.pool.HikariPool        : HikariPool-1 - Added connection org.postgresql.jdbc.PgConnection@a316f6b
2026-07-27T22:35:40.763-03:00  INFO 16612 --- [institutional-tenant-service] [           main] com.zaxxer.hikari.HikariDataSource       : HikariPool-1 - Start completed.
2026-07-27T22:35:40.794-03:00  INFO 16612 --- [institutional-tenant-service] [           main] org.flywaydb.core.FlywayExecutor         : Database: jdbc:postgresql://localhost:5433/institutional_tenant (PostgreSQL 17.10)
2026-07-27T22:35:41.182-03:00  INFO 16612 --- [institutional-tenant-service] [           main] o.f.core.internal.command.DbValidate     : Successfully validated 1 migration (execution time 00:00.278s)
2026-07-27T22:35:41.374-03:00  INFO 16612 --- [institutional-tenant-service] [           main] o.f.core.internal.command.DbMigrate      : Current version of schema "public": 1
2026-07-27T22:35:41.380-03:00  INFO 16612 --- [institutional-tenant-service] [           main] o.f.core.internal.command.DbMigrate      : Schema "public" is up to date. No migration necessary.
2026-07-27T22:35:43.330-03:00  INFO 16612 --- [institutional-tenant-service] [           main] o.s.b.a.e.web.EndpointLinksResolver      : Exposing 1 endpoint beneath base path '/actuator'
2026-07-27T22:35:43.510-03:00  INFO 16612 --- [institutional-tenant-service] [           main] o.s.boot.tomcat.TomcatWebServer          : Tomcat started on port 8092 (http) with context path '/'
2026-07-27T22:35:43.536-03:00  INFO 16612 --- [institutional-tenant-service] [           main] b.c.e.i.Application                      : Started Application in 12.198 seconds (process running for 13.923)
2026-07-27T22:36:03.172-03:00  INFO 16612 --- [institutional-tenant-service] [nio-8092-exec-1] o.a.c.c.C.[Tomcat].[localhost].[/]       : Initializing Spring DispatcherServlet 'dispatcherServlet'
2026-07-27T22:36:03.175-03:00  INFO 16612 --- [institutional-tenant-service] [nio-8092-exec-1] o.s.web.servlet.DispatcherServlet        : Initializing Servlet 'dispatcherServlet'
2026-07-27T22:36:03.175-03:00  INFO 16612 --- [institutional-tenant-service] [nio-8092-exec-1] o.s.web.servlet.DispatcherServlet        : Completed initialization in 0 ms
