
  .   ____          _            __ _ _
 /\\ / ___'_ __ _ _(_)_ __  __ _ \ \ \ \
( ( )\___ | '_ | '_| | '_ \/ _` | \ \ \ \
 \\/  ___)| |_)| | | | | || (_| |  ) ) ) )
  '  |____| .__|_| |_|_| |_\__, | / / / /
 =========|_|==============|___/=/_/_/_/

 :: Spring Boot ::                (v4.1.0)

2026-07-28T09:46:44.805-03:00  INFO 7296 --- [institutional-tenant-service] [           main] b.c.e.i.Application                      : Starting Application v0.1.0-SNAPSHOT using Java 21.0.11 with PID 7296 (C:\Projeto\git\projectc-school-management\institutional-tenant-service\target\institutional-tenant-service-0.1.0-SNAPSHOT.jar started by pjr_d in C:\Projeto\git\projectc-school-management)
2026-07-28T09:46:44.811-03:00  INFO 7296 --- [institutional-tenant-service] [           main] b.c.e.i.Application                      : No active profile set, falling back to 1 default profile: "default"
2026-07-28T09:46:57.005-03:00  INFO 7296 --- [institutional-tenant-service] [           main] o.s.boot.tomcat.TomcatWebServer          : Tomcat initialized with port 8092 (http)
2026-07-28T09:46:57.088-03:00  INFO 7296 --- [institutional-tenant-service] [           main] o.apache.catalina.core.StandardService   : Starting service [Tomcat]
2026-07-28T09:46:57.090-03:00  INFO 7296 --- [institutional-tenant-service] [           main] o.apache.catalina.core.StandardEngine    : Starting Servlet engine: [Apache Tomcat/11.0.22]
2026-07-28T09:46:57.323-03:00  INFO 7296 --- [institutional-tenant-service] [           main] b.w.c.s.WebApplicationContextInitializer : Root WebApplicationContext: initialization completed in 11227 ms
2026-07-28T09:47:13.692-03:00  INFO 7296 --- [institutional-tenant-service] [           main] com.zaxxer.hikari.HikariDataSource       : HikariPool-1 - Starting...
2026-07-28T09:47:14.520-03:00  INFO 7296 --- [institutional-tenant-service] [           main] com.zaxxer.hikari.pool.HikariPool        : HikariPool-1 - Added connection org.postgresql.jdbc.PgConnection@a316f6b
2026-07-28T09:47:14.522-03:00  INFO 7296 --- [institutional-tenant-service] [           main] com.zaxxer.hikari.HikariDataSource       : HikariPool-1 - Start completed.
2026-07-28T09:47:14.826-03:00  INFO 7296 --- [institutional-tenant-service] [           main] org.flywaydb.core.FlywayExecutor         : Database: jdbc:postgresql://localhost:5433/institutional_tenant (PostgreSQL 17.10)
2026-07-28T09:47:18.414-03:00  INFO 7296 --- [institutional-tenant-service] [           main] o.f.core.internal.command.DbValidate     : Successfully validated 1 migration (execution time 00:01.763s)
2026-07-28T09:47:20.122-03:00  INFO 7296 --- [institutional-tenant-service] [           main] o.f.core.internal.command.DbMigrate      : Current version of schema "public": 1
2026-07-28T09:47:20.181-03:00  INFO 7296 --- [institutional-tenant-service] [           main] o.f.core.internal.command.DbMigrate      : Schema "public" is up to date. No migration necessary.
2026-07-28T09:47:22.641-03:00  INFO 7296 --- [institutional-tenant-service] [           main] o.s.b.a.e.web.EndpointLinksResolver      : Exposing 1 endpoint beneath base path '/actuator'
2026-07-28T09:47:22.994-03:00  INFO 7296 --- [institutional-tenant-service] [           main] o.s.boot.tomcat.TomcatWebServer          : Tomcat started on port 8092 (http) with context path '/'
2026-07-28T09:47:23.018-03:00  INFO 7296 --- [institutional-tenant-service] [           main] b.c.e.i.Application                      : Started Application in 41.848 seconds (process running for 44.884)
2026-07-28T09:49:18.213-03:00  INFO 7296 --- [institutional-tenant-service] [nio-8092-exec-1] o.a.c.c.C.[Tomcat].[localhost].[/]       : Initializing Spring DispatcherServlet 'dispatcherServlet'
2026-07-28T09:49:18.213-03:00  INFO 7296 --- [institutional-tenant-service] [nio-8092-exec-1] o.s.web.servlet.DispatcherServlet        : Initializing Servlet 'dispatcherServlet'
2026-07-28T09:49:18.217-03:00  INFO 7296 --- [institutional-tenant-service] [nio-8092-exec-1] o.s.web.servlet.DispatcherServlet        : Completed initialization in 3 ms
