[INFO] Scanning for projects...
[INFO] 
[INFO] ---------------< br.com.escola:academic-catalog-service >---------------
[INFO] Building academic-catalog-service 0.1.0-SNAPSHOT
[INFO]   from pom.xml
[INFO] --------------------------------[ jar ]---------------------------------
[INFO] 
[INFO] >>> spring-boot:3.5.14:run (default-cli) > test-compile @ academic-catalog-service >>>
[INFO] 
[INFO] --- enforcer:3.6.2:enforce (enforce-platform) @ academic-catalog-service ---
[INFO] Rule 0: org.apache.maven.enforcer.rules.version.RequireJavaVersion passed
[INFO] Rule 1: org.apache.maven.enforcer.rules.version.RequireMavenVersion passed
[INFO] 
[INFO] --- resources:3.3.1:resources (default-resources) @ academic-catalog-service ---
[INFO] Copying 1 resource from src\main\resources to target\classes
[INFO] Copying 4 resources from src\main\resources to target\classes
[INFO] 
[INFO] --- compiler:3.14.1:compile (default-compile) @ academic-catalog-service ---
[INFO] Nothing to compile - all classes are up to date.
[INFO] 
[INFO] --- resources:3.3.1:testResources (default-testResources) @ academic-catalog-service ---
[INFO] Copying 1 resource from src\test\resources to target\test-classes
[INFO] 
[INFO] --- compiler:3.14.1:testCompile (default-testCompile) @ academic-catalog-service ---
[INFO] Nothing to compile - all classes are up to date.
[INFO] 
[INFO] <<< spring-boot:3.5.14:run (default-cli) < test-compile @ academic-catalog-service <<<
[INFO] 
[INFO] 
[INFO] --- spring-boot:3.5.14:run (default-cli) @ academic-catalog-service ---
[INFO] Attaching agents: []

  .   ____          _            __ _ _
 /\\ / ___'_ __ _ _(_)_ __  __ _ \ \ \ \
( ( )\___ | '_ | '_| | '_ \/ _` | \ \ \ \
 \\/  ___)| |_)| | | | | || (_| |  ) ) ) )
  '  |____| .__|_| |_|_| |_\__, | / / / /
 =========|_|==============|___/=/_/_/_/

 :: Spring Boot ::               (v3.5.14)

2026-06-22T18:08:42.520-03:00  INFO 1420 --- [academic-catalog-service] [           main] [                                                 ] .c.e.c.AcademicCatalogServiceApplication : Starting AcademicCatalogServiceApplication using Java 21.0.11 with PID 1420 (C:\Projeto\git\projectc-school-management\academic-catalog-service\target\classes started by pjr_d in C:\Projeto\git\projectc-school-management\academic-catalog-service)
2026-06-22T18:08:42.520-03:00  INFO 1420 --- [academic-catalog-service] [           main] [                                                 ] .c.e.c.AcademicCatalogServiceApplication : No active profile set, falling back to 1 default profile: "default"
2026-06-22T18:08:43.868-03:00  INFO 1420 --- [academic-catalog-service] [           main] [                                                 ] .s.d.r.c.RepositoryConfigurationDelegate : Multiple Spring Data modules found, entering strict repository configuration mode
2026-06-22T18:08:43.884-03:00  INFO 1420 --- [academic-catalog-service] [           main] [                                                 ] .s.d.r.c.RepositoryConfigurationDelegate : Bootstrapping Spring Data JPA repositories in DEFAULT mode.
2026-06-22T18:08:44.148-03:00  INFO 1420 --- [academic-catalog-service] [           main] [                                                 ] .s.d.r.c.RepositoryConfigurationDelegate : Finished Spring Data repository scanning in 263 ms. Found 9 JPA repository interfaces.
2026-06-22T18:08:44.164-03:00  INFO 1420 --- [academic-catalog-service] [           main] [                                                 ] .s.d.r.c.RepositoryConfigurationDelegate : Multiple Spring Data modules found, entering strict repository configuration mode
2026-06-22T18:08:44.164-03:00  INFO 1420 --- [academic-catalog-service] [           main] [                                                 ] .s.d.r.c.RepositoryConfigurationDelegate : Bootstrapping Spring Data Redis repositories in DEFAULT mode.
2026-06-22T18:08:44.205-03:00  INFO 1420 --- [academic-catalog-service] [           main] [                                                 ] .RepositoryConfigurationExtensionSupport : Spring Data Redis - Could not safely identify store assignment for repository candidate interface br.com.escola.catalog.infra.database.repository.CommandIdempotencyJpaRepository; If you want this repository to be a Redis repository, consider annotating your entities with one of these annotations: org.springframework.data.redis.core.RedisHash (preferred), or consider extending one of the following types with your repository: org.springframework.data.keyvalue.repository.KeyValueRepository
2026-06-22T18:08:44.205-03:00  INFO 1420 --- [academic-catalog-service] [           main] [                                                 ] .RepositoryConfigurationExtensionSupport : Spring Data Redis - Could not safely identify store assignment for repository candidate interface br.com.escola.catalog.infra.database.repository.DisciplinaJpaRepository; If you want this repository to be a Redis repository, consider annotating your entities with one of these annotations: org.springframework.data.redis.core.RedisHash (preferred), or consider extending one of the following types with your repository: org.springframework.data.keyvalue.repository.KeyValueRepository
2026-06-22T18:08:44.205-03:00  INFO 1420 --- [academic-catalog-service] [           main] [                                                 ] .RepositoryConfigurationExtensionSupport : Spring Data Redis - Could not safely identify store assignment for repository candidate interface br.com.escola.catalog.infra.database.repository.NivelEnsinoJpaRepository; If you want this repository to be a Redis repository, consider annotating your entities with one of these annotations: org.springframework.data.redis.core.RedisHash (preferred), or consider extending one of the following types with your repository: org.springframework.data.keyvalue.repository.KeyValueRepository
2026-06-22T18:08:44.205-03:00  INFO 1420 --- [academic-catalog-service] [           main] [                                                 ] .RepositoryConfigurationExtensionSupport : Spring Data Redis - Could not safely identify store assignment for repository candidate interface br.com.escola.catalog.infra.database.repository.OutboxEventJpaRepository; If you want this repository to be a Redis repository, consider annotating your entities with one of these annotations: org.springframework.data.redis.core.RedisHash (preferred), or consider extending one of the following types with your repository: org.springframework.data.keyvalue.repository.KeyValueRepository
2026-06-22T18:08:44.205-03:00  INFO 1420 --- [academic-catalog-service] [           main] [                                                 ] .RepositoryConfigurationExtensionSupport : Spring Data Redis - Could not safely identify store assignment for repository candidate interface br.com.escola.catalog.infra.database.repository.PeriodoLetivoJpaRepository; If you want this repository to be a Redis repository, consider annotating your entities with one of these annotations: org.springframework.data.redis.core.RedisHash (preferred), or consider extending one of the following types with your repository: org.springframework.data.keyvalue.repository.KeyValueRepository
2026-06-22T18:08:44.205-03:00  INFO 1420 --- [academic-catalog-service] [           main] [                                                 ] .RepositoryConfigurationExtensionSupport : Spring Data Redis - Could not safely identify store assignment for repository candidate interface br.com.escola.catalog.infra.database.repository.SerieJpaRepository; If you want this repository to be a Redis repository, consider annotating your entities with one of these annotations: org.springframework.data.redis.core.RedisHash (preferred), or consider extending one of the following types with your repository: org.springframework.data.keyvalue.repository.KeyValueRepository
2026-06-22T18:08:44.205-03:00  INFO 1420 --- [academic-catalog-service] [           main] [                                                 ] .RepositoryConfigurationExtensionSupport : Spring Data Redis - Could not safely identify store assignment for repository candidate interface br.com.escola.catalog.infra.database.repository.TurmaDisciplinaJpaRepository; If you want this repository to be a Redis repository, consider annotating your entities with one of these annotations: org.springframework.data.redis.core.RedisHash (preferred), or consider extending one of the following types with your repository: org.springframework.data.keyvalue.repository.KeyValueRepository
2026-06-22T18:08:44.205-03:00  INFO 1420 --- [academic-catalog-service] [           main] [                                                 ] .RepositoryConfigurationExtensionSupport : Spring Data Redis - Could not safely identify store assignment for repository candidate interface br.com.escola.catalog.infra.database.repository.TurmaJpaRepository; If you want this repository to be a Redis repository, consider annotating your entities with one of these annotations: org.springframework.data.redis.core.RedisHash (preferred), or consider extending one of the following types with your repository: org.springframework.data.keyvalue.repository.KeyValueRepository
2026-06-22T18:08:44.205-03:00  INFO 1420 --- [academic-catalog-service] [           main] [                                                 ] .RepositoryConfigurationExtensionSupport : Spring Data Redis - Could not safely identify store assignment for repository candidate interface br.com.escola.catalog.infra.database.repository.TurnoJpaRepository; If you want this repository to be a Redis repository, consider annotating your entities with one of these annotations: org.springframework.data.redis.core.RedisHash (preferred), or consider extending one of the following types with your repository: org.springframework.data.keyvalue.repository.KeyValueRepository
2026-06-22T18:08:44.205-03:00  INFO 1420 --- [academic-catalog-service] [           main] [                                                 ] .s.d.r.c.RepositoryConfigurationDelegate : Finished Spring Data repository scanning in 26 ms. Found 0 Redis repository interfaces.
2026-06-22T18:08:45.100-03:00  INFO 1420 --- [academic-catalog-service] [           main] [                                                 ] o.s.b.w.embedded.tomcat.TomcatWebServer  : Tomcat initialized with port 8082 (http)
2026-06-22T18:08:45.115-03:00  INFO 1420 --- [academic-catalog-service] [           main] [                                                 ] o.apache.catalina.core.StandardService   : Starting service [Tomcat]
2026-06-22T18:08:45.115-03:00  INFO 1420 --- [academic-catalog-service] [           main] [                                                 ] o.apache.catalina.core.StandardEngine    : Starting Servlet engine: [Apache Tomcat/10.1.54]
2026-06-22T18:08:45.248-03:00  INFO 1420 --- [academic-catalog-service] [           main] [                                                 ] o.a.c.c.C.[Tomcat].[localhost].[/]       : Initializing Spring embedded WebApplicationContext
2026-06-22T18:08:45.248-03:00  INFO 1420 --- [academic-catalog-service] [           main] [                                                 ] w.s.c.ServletWebServerApplicationContext : Root WebApplicationContext: initialization completed in 2674 ms
2026-06-22T18:08:45.878-03:00  INFO 1420 --- [academic-catalog-service] [           main] [                                                 ] com.zaxxer.hikari.HikariDataSource       : HikariPool-1 - Starting...
2026-06-22T18:08:46.086-03:00  INFO 1420 --- [academic-catalog-service] [           main] [                                                 ] com.zaxxer.hikari.pool.HikariPool        : HikariPool-1 - Added connection org.postgresql.jdbc.PgConnection@186f7434
2026-06-22T18:08:46.086-03:00  INFO 1420 --- [academic-catalog-service] [           main] [                                                 ] com.zaxxer.hikari.HikariDataSource       : HikariPool-1 - Start completed.
2026-06-22T18:08:46.120-03:00  INFO 1420 --- [academic-catalog-service] [           main] [                                                 ] org.flywaydb.core.FlywayExecutor         : Database: jdbc:postgresql://localhost:5433/academic_catalog (PostgreSQL 17.10)
2026-06-22T18:08:46.196-03:00  INFO 1420 --- [academic-catalog-service] [           main] [                                                 ] o.f.core.internal.command.DbValidate     : Successfully validated 4 migrations (execution time 00:00.039s)
2026-06-22T18:08:46.253-03:00  INFO 1420 --- [academic-catalog-service] [           main] [                                                 ] o.f.core.internal.command.DbMigrate      : Current version of schema "public": 4
2026-06-22T18:08:46.258-03:00  INFO 1420 --- [academic-catalog-service] [           main] [                                                 ] o.f.core.internal.command.DbMigrate      : Schema "public" is up to date. No migration necessary.
2026-06-22T18:08:46.386-03:00  INFO 1420 --- [academic-catalog-service] [           main] [                                                 ] o.hibernate.jpa.internal.util.LogHelper  : HHH000204: Processing PersistenceUnitInfo [name: default]
2026-06-22T18:08:46.459-03:00  INFO 1420 --- [academic-catalog-service] [           main] [                                                 ] org.hibernate.Version                    : HHH000412: Hibernate ORM core version 6.6.49.Final
2026-06-22T18:08:46.505-03:00  INFO 1420 --- [academic-catalog-service] [           main] [                                                 ] o.h.c.internal.RegionFactoryInitiator    : HHH000026: Second-level cache disabled
2026-06-22T18:08:46.915-03:00  INFO 1420 --- [academic-catalog-service] [           main] [                                                 ] o.s.o.j.p.SpringPersistenceUnitInfo      : No LoadTimeWeaver setup: ignoring JPA class transformer
2026-06-22T18:08:47.018-03:00  INFO 1420 --- [academic-catalog-service] [           main] [                                                 ] org.hibernate.orm.connections.pooling    : HHH10001005: Database info:
	Database JDBC URL [Connecting through datasource 'HikariDataSource (HikariPool-1)']
	Database driver: undefined/unknown
	Database version: 17.10
	Autocommit mode: undefined/unknown
	Isolation level: undefined/unknown
	Minimum pool size: undefined/unknown
	Maximum pool size: undefined/unknown
2026-06-22T18:08:48.367-03:00  INFO 1420 --- [academic-catalog-service] [           main] [                                                 ] o.h.e.t.j.p.i.JtaPlatformInitiator       : HHH000489: No JTA platform available (set 'hibernate.transaction.jta.platform' to enable JTA platform integration)
2026-06-22T18:08:48.456-03:00  INFO 1420 --- [academic-catalog-service] [           main] [                                                 ] j.LocalContainerEntityManagerFactoryBean : Initialized JPA EntityManagerFactory for persistence unit 'default'
2026-06-22T18:08:50.118-03:00  INFO 1420 --- [academic-catalog-service] [           main] [                                                 ] o.s.b.a.e.web.EndpointLinksResolver      : Exposing 3 endpoints beneath base path '/actuator'
2026-06-22T18:08:50.221-03:00  INFO 1420 --- [academic-catalog-service] [           main] [                                                 ] o.s.b.w.embedded.tomcat.TomcatWebServer  : Tomcat started on port 8082 (http) with context path '/'
2026-06-22T18:08:50.237-03:00  INFO 1420 --- [academic-catalog-service] [           main] [                                                 ] .c.e.c.AcademicCatalogServiceApplication : Started AcademicCatalogServiceApplication in 8.309 seconds (process running for 8.889)
2026-06-22T18:08:50.620-03:00  INFO 1420 --- [academic-catalog-service] [           main] [                                                 ] b.c.e.c.i.m.CatalogMigrationRunner       : Migracao do catalogo reconciliada; apply=true report=C:\Projeto\git\projectc-school-management\platform\runtime\catalog-migration-report-real.json
