[INFO] Scanning for projects...
[INFO] 
[INFO] ----------------< br.com.escola:school-management-bff >-----------------
[INFO] Building school-management-bff 0.1.0-SNAPSHOT
[INFO]   from pom.xml
[INFO] --------------------------------[ jar ]---------------------------------
[INFO] 
[INFO] >>> spring-boot:3.5.14:run (default-cli) > test-compile @ school-management-bff >>>
[INFO] 
[INFO] --- enforcer:3.6.2:enforce (enforce-platform) @ school-management-bff ---
[INFO] Rule 0: org.apache.maven.enforcer.rules.version.RequireJavaVersion passed
[INFO] Rule 1: org.apache.maven.enforcer.rules.version.RequireMavenVersion passed
[INFO] 
[INFO] --- resources:3.3.1:resources (default-resources) @ school-management-bff ---
[INFO] Copying 1 resource from src\main\resources to target\classes
[INFO] Copying 0 resource from src\main\resources to target\classes
[INFO] 
[INFO] --- compiler:3.14.1:compile (default-compile) @ school-management-bff ---
[INFO] Nothing to compile - all classes are up to date.
[INFO] 
[INFO] --- resources:3.3.1:testResources (default-testResources) @ school-management-bff ---
[INFO] skip non existing resourceDirectory C:\Projeto\git\projectc-school-management\school-management-bff\src\test\resources
[INFO] 
[INFO] --- compiler:3.14.1:testCompile (default-testCompile) @ school-management-bff ---
[INFO] Nothing to compile - all classes are up to date.
[INFO] 
[INFO] <<< spring-boot:3.5.14:run (default-cli) < test-compile @ school-management-bff <<<
[INFO] 
[INFO] 
[INFO] --- spring-boot:3.5.14:run (default-cli) @ school-management-bff ---
[INFO] Attaching agents: []

  .   ____          _            __ _ _
 /\\ / ___'_ __ _ _(_)_ __  __ _ \ \ \ \
( ( )\___ | '_ | '_| | '_ \/ _` | \ \ \ \
 \\/  ___)| |_)| | | | | || (_| |  ) ) ) )
  '  |____| .__|_| |_|_| |_\__, | / / / /
 =========|_|==============|___/=/_/_/_/

 :: Spring Boot ::               (v3.5.14)

2026-06-22T17:56:21.008-03:00  INFO 12328 --- [school-management-bff] [           main] [                                                 ] b.c.e.b.SchoolManagementBffApplication   : Starting SchoolManagementBffApplication using Java 21.0.11 with PID 12328 (C:\Projeto\git\projectc-school-management\school-management-bff\target\classes started by pjr_d in C:\Projeto\git\projectc-school-management\school-management-bff)
2026-06-22T17:56:21.008-03:00  INFO 12328 --- [school-management-bff] [           main] [                                                 ] b.c.e.b.SchoolManagementBffApplication   : No active profile set, falling back to 1 default profile: "default"
2026-06-22T17:56:22.359-03:00  INFO 12328 --- [school-management-bff] [           main] [                                                 ] .s.d.r.c.RepositoryConfigurationDelegate : Multiple Spring Data modules found, entering strict repository configuration mode
2026-06-22T17:56:22.375-03:00  INFO 12328 --- [school-management-bff] [           main] [                                                 ] .s.d.r.c.RepositoryConfigurationDelegate : Bootstrapping Spring Data Redis repositories in DEFAULT mode.
2026-06-22T17:56:22.436-03:00  INFO 12328 --- [school-management-bff] [           main] [                                                 ] .s.d.r.c.RepositoryConfigurationDelegate : Finished Spring Data repository scanning in 41 ms. Found 0 Redis repository interfaces.
2026-06-22T17:56:23.821-03:00  INFO 12328 --- [school-management-bff] [           main] [                                                 ] o.s.b.a.e.web.EndpointLinksResolver      : Exposing 3 endpoints beneath base path '/actuator'
2026-06-22T17:56:24.962-03:00  INFO 12328 --- [school-management-bff] [           main] [                                                 ] o.s.b.web.embedded.netty.NettyWebServer  : Netty started on port 8081 (http)
2026-06-22T17:56:24.978-03:00  INFO 12328 --- [school-management-bff] [           main] [                                                 ] b.c.e.b.SchoolManagementBffApplication   : Started SchoolManagementBffApplication in 4.685 seconds (process running for 5.516)
